Vivado Simulator v2022.2
Copyright 1986-1999, 2001-2022 Xilinx, Inc. All Rights Reserved.
Running: /tools/Xilinx/Vivado/2022.2/bin/unwrapped/lnx64.o/xelab --incr --debug typical --relax --mt 8 -L xil_defaultlib -L unisims_ver -L unimacro_ver -L secureip --snapshot top_tb_behav xil_defaultlib.top_tb xil_defaultlib.glbl -log elaborate.log 
Using 8 slave threads.
Starting static elaboration
Pass Through NonSizing Optimizer
Completed static elaboration
Starting simulation data flow analysis
Completed simulation data flow analysis
Time Resolution for simulation is 1ps
Compiling module xil_defaultlib.SignDetector
Compiling module xil_defaultlib.DoubbleDabble(N=16,D=5)
Compiling module xil_defaultlib.Binary2BCD(D=5)
Compiling module xil_defaultlib.PulseGenerator(COUNT=10)
Compiling module xil_defaultlib.DisplayController(N=16,D=6)
Compiling module xil_defaultlib.SevenSegDec
Compiling module xil_defaultlib.top_module(COUNT_DISPLAY=10)
Compiling module xil_defaultlib.top_tb
Compiling module xil_defaultlib.glbl
Built simulation snapshot top_tb_behav
